// Jest Snapshot v1, https://goo.gl/fbAQLP

exports[`Interests should render correctly 1`] = `
<styled.div>
  <styled.div>
    <styled.button>
      By consumer groups & interests
    </styled.button>
    <img
      alt="questionmark"
      height="20px"
      src="https://s3.amazonaws.com/product-reviews-hr110/Icons/questionmark.png"
    />
  </styled.div>
  <styled.div>
    Headphones
    <styled.div>
      <img
        alt="stars"
        height="25px"
        src="https://s3.amazonaws.com/product-reviews-hr110/Icons/stars.png"
      />
      <styled.div>
        4.2
      </styled.div>
    </styled.div>
  </styled.div>
  <styled.div>
    Customers in New York
    <styled.div>
      <img
        alt="stars"
        height="25px"
        src="https://s3.amazonaws.com/product-reviews-hr110/Icons/stars.png"
      />
      <styled.div>
        4.7
      </styled.div>
    </styled.div>
  </styled.div>
  <styled.div
    style={
      Object {
        "color": "#7a7a7a",
        "textDecoration": "none",
      }
    }
  >
    Is this feature helpful?
    <styled.div>
      <styled.button>
        Yes
      </styled.button>
      <styled.button>
        No
      </styled.button>
    </styled.div>
  </styled.div>
</styled.div>
`;
