// Jest Snapshot v1, https://goo.gl/fbAQLP

exports[`Thoughts should render correctly 1`] = `
<styled.div>
  <styled.button>
    Review this product
  </styled.button>
  <styled.div>
    Share your thoughts with other customers
  </styled.div>
  <styled.button>
    <a
      href="#top"
      style={
        Object {
          "color": "black",
          "textDecoration": "none",
        }
      }
    >
      Write a customer review
    </a>
  </styled.button>
</styled.div>
`;
